MPLINK 5.08, LINKER
Linker Map File - Created Sun Dec 23 21:08:30 2018

                                 Section Info
                  Section       Type    Address   Location Size(Bytes)
                ---------  ---------  ---------  ---------  ---------
                   .org_0       code   0x000000    program   0x000016
                   .cinit    romdata   0x00000b    program   0x000004
.config_0FFF_BUILD/DEFAULT/PRODUCTION/3_LEDS_       code   0x000fff    program   0x000002
                   .udata      udata   0x000010       data   0x000001



                              Program Memory Usage 
                               Start         End      
                           ---------   ---------      
                            0x000000    0x00000c      
                            0x000fff    0x000fff      
            14 out of 261 program addresses used, program memory utilization is 5%



                              Symbols - Sorted by Name
                     Name    Address   Location    Storage File                     
                ---------  ---------  ---------  --------- ---------                
             _.org_0_0009   0x000009    program     static /home/jacques/github/3_leds_pulsing/3_leds_pulsing.X/3_leds_pulsing.asm
                     loop   0x000004    program     static /home/jacques/github/3_leds_pulsing/3_leds_pulsing.X/3_leds_pulsing.asm
                     cntr   0x000010       data     static /home/jacques/github/3_leds_pulsing/3_leds_pulsing.X/3_leds_pulsing.asm



                              Symbols - Sorted by Address
                     Name    Address   Location    Storage File                     
                ---------  ---------  ---------  --------- ---------                
                     loop   0x000004    program     static /home/jacques/github/3_leds_pulsing/3_leds_pulsing.X/3_leds_pulsing.asm
             _.org_0_0009   0x000009    program     static /home/jacques/github/3_leds_pulsing/3_leds_pulsing.X/3_leds_pulsing.asm
                     cntr   0x000010       data     static /home/jacques/github/3_leds_pulsing/3_leds_pulsing.X/3_leds_pulsing.asm


